Release 14.4 - xst P.49d (nt64)
Copyright (c) 1995-2012 Xilinx, Inc.  All rights reserved.
--> Parameter TMPDIR set to xst/projnav.tmp


Total REAL time to Xst completion: 0.00 secs
Total CPU time to Xst completion: 0.52 secs
 
--> Parameter xsthdpdir set to xst


Total REAL time to Xst completion: 0.00 secs
Total CPU time to Xst completion: 0.52 secs
 
--> Reading design: pipelined_regfile_5stage.prj

TABLE OF CONTENTS
  1) Synthesis Options Summary
  2) HDL Parsing
  3) HDL Elaboration
  4) HDL Synthesis
       4.1) HDL Synthesis Report
  5) Advanced HDL Synthesis
       5.1) Advanced HDL Synthesis Report
  6) Low Level Synthesis
  7) Partition Report
  8) Design Summary
       8.1) Primitive and Black Box Usage
       8.2) Device utilization summary
       8.3) Partition Resource Summary
       8.4) Timing Report
            8.4.1) Clock Information
            8.4.2) Asynchronous Control Signals Information
            8.4.3) Timing Summary
            8.4.4) Timing Details
            8.4.5) Cross Clock Domains Report


=========================================================================
*                      Synthesis Options Summary                        *
=========================================================================
---- Source Parameters
Input File Name                    : "pipelined_regfile_5stage.prj"
Ignore Synthesis Constraint File   : NO

---- Target Parameters
Output File Name                   : "pipelined_regfile_5stage"
Output Format                      : NGC
Target Device                      : xc6slx4-3-csg225

---- Source Options
Top Module Name                    : pipelined_regfile_5stage
Automatic FSM Extraction           : YES
FSM Encoding Algorithm             : Auto
Safe Implementation                : No
FSM Style                          : LUT
RAM Extraction                     : Yes
RAM Style                          : Auto
ROM Extraction                     : Yes
Shift Register Extraction          : YES
ROM Style                          : Auto
Resource Sharing                   : YES
Asynchronous To Synchronous        : NO
Shift Register Minimum Size        : 2
Use DSP Block                      : Auto
Automatic Register Balancing       : No

---- Target Options
LUT Combining                      : Auto
Reduce Control Sets                : Auto
Add IO Buffers                     : YES
Global Maximum Fanout              : 100000
Add Generic Clock Buffer(BUFG)     : 16
Register Duplication               : YES
Optimize Instantiated Primitives   : NO
Use Clock Enable                   : Auto
Use Synchronous Set                : Auto
Use Synchronous Reset              : Auto
Pack IO Registers into IOBs        : Auto
Equivalent register Removal        : YES

---- General Options
Optimization Goal                  : Speed
Optimization Effort                : 1
Power Reduction                    : NO
Keep Hierarchy                     : No
Netlist Hierarchy                  : As_Optimized
RTL Output                         : Yes
Global Optimization                : AllClockNets
Read Cores                         : YES
Write Timing Constraints           : NO
Cross Clock Analysis               : NO
Hierarchy Separator                : /
Bus Delimiter                      : <>
Case Specifier                     : Maintain
Slice Utilization Ratio            : 100
BRAM Utilization Ratio             : 100
DSP48 Utilization Ratio            : 100
Auto BRAM Packing                  : NO
Slice Utilization Ratio Delta      : 5

=========================================================================


=========================================================================
*                          HDL Parsing                                  *
=========================================================================
Analyzing Verilog file "C:\Users\jgoh070\Desktop\Lab3_5stage pipeline with LDUR and STUR\regfile.v" into library work
Parsing verilog file "C:\Users\jgoh070\Desktop\Lab3_5stage pipeline with LDUR and STUR\/define.v" included at line 2.
Parsing module <regfile>.
Analyzing Verilog file "C:\Users\jgoh070\Desktop\Lab3_5stage pipeline with LDUR and STUR\PC.v" into library work
Parsing verilog file "C:\Users\jgoh070\Desktop\Lab3_5stage pipeline with LDUR and STUR\/define.v" included at line 1.
Parsing module <PC1>.
Analyzing Verilog file "C:\Users\jgoh070\Desktop\Lab3_5stage pipeline with LDUR and STUR\MEM_WBstage.v" into library work
Parsing verilog file "C:\Users\jgoh070\Desktop\Lab3_5stage pipeline with LDUR and STUR\/define.v" included at line 1.
Parsing module <MEM_WB_stage>.
Analyzing Verilog file "C:\Users\jgoh070\Desktop\Lab3_5stage pipeline with LDUR and STUR\imemory.v" into library work
Parsing verilog file "C:\Users\jgoh070\Desktop\Lab3_5stage pipeline with LDUR and STUR\/define.v" included at line 1.
Parsing module <imemory>.
Analyzing Verilog file "C:\Users\jgoh070\Desktop\Lab3_5stage pipeline with LDUR and STUR\ID_EXEstage.v" into library work
Parsing verilog file "C:\Users\jgoh070\Desktop\Lab3_5stage pipeline with LDUR and STUR\/define.v" included at line 1.
Parsing module <ID_EXE_stage>.
Analyzing Verilog file "C:\Users\jgoh070\Desktop\Lab3_5stage pipeline with LDUR and STUR\EXE_MEMstage.v" into library work
Parsing verilog file "C:\Users\jgoh070\Desktop\Lab3_5stage pipeline with LDUR and STUR\/define.v" included at line 1.
Parsing module <EXE_MEM_stage>.
Analyzing Verilog file "C:\Users\jgoh070\Desktop\Lab3_5stage pipeline with LDUR and STUR\dmemory.v" into library work
Parsing verilog file "C:\Users\jgoh070\Desktop\Lab3_5stage pipeline with LDUR and STUR\/define.v" included at line 1.
Parsing module <dmemory>.
Analyzing Verilog file "C:\Users\jgoh070\Desktop\Lab3_5stage pipeline with LDUR and STUR\control.v" into library work
Parsing verilog file "C:\Users\jgoh070\Desktop\Lab3_5stage pipeline with LDUR and STUR\/define.v" included at line 3.
Parsing module <control>.
Analyzing Verilog file "C:\Users\jgoh070\Desktop\Lab3_5stage pipeline with LDUR and STUR\alu.v" into library work
Parsing verilog file "C:\Users\jgoh070\Desktop\Lab3_5stage pipeline with LDUR and STUR\/define.v" included at line 1.
Parsing module <alu>.
Analyzing Verilog file "C:\Users\jgoh070\Desktop\Lab3_5stage pipeline with LDUR and STUR\pipelined_regfile_5stage.v" into library work
Parsing verilog file "C:\Users\jgoh070\Desktop\Lab3_5stage pipeline with LDUR and STUR\/define.v" included at line 2.
Parsing module <pipelined_regfile_5stage>.

=========================================================================
*                            HDL Elaboration                            *
=========================================================================

Elaborating module <pipelined_regfile_5stage>.

Elaborating module <PC1>.

Elaborating module <imemory>.
"C:\Users\jgoh070\Desktop\Lab3_5stage pipeline with LDUR and STUR\imemory.v" Line 34. $write Opening Fileid 0\n
WARNING:HDLCompiler:816 - "C:\Users\jgoh070\Desktop\Lab3_5stage pipeline with LDUR and STUR\imemory.v" Line 36: System function call feof not supported
WARNING:HDLCompiler:817 - "C:\Users\jgoh070\Desktop\Lab3_5stage pipeline with LDUR and STUR\imemory.v" Line 49: System task fclose ignored for synthesis
WARNING:HDLCompiler:413 - "C:\Users\jgoh070\Desktop\Lab3_5stage pipeline with LDUR and STUR\imemory.v" Line 56: Result of 64-bit expression is truncated to fit in 32-bit target.

Elaborating module <control>.

Elaborating module <regfile>.

Elaborating module <ID_EXE_stage>.

Elaborating module <alu>.

Elaborating module <EXE_MEM_stage>.

Elaborating module <dmemory>.
"C:\Users\jgoh070\Desktop\Lab3_5stage pipeline with LDUR and STUR\dmemory.v" Line 34. $write Opening Fileid 0\n
WARNING:HDLCompiler:816 - "C:\Users\jgoh070\Desktop\Lab3_5stage pipeline with LDUR and STUR\dmemory.v" Line 36: System function call feof not supported
WARNING:HDLCompiler:817 - "C:\Users\jgoh070\Desktop\Lab3_5stage pipeline with LDUR and STUR\dmemory.v" Line 49: System task fclose ignored for synthesis

Elaborating module <MEM_WB_stage>.

=========================================================================
*                           HDL Synthesis                               *
=========================================================================

Synthesizing Unit <pipelined_regfile_5stage>.
    Related source file is "C:\Users\jgoh070\Desktop\Lab3_5stage pipeline with LDUR and STUR\pipelined_regfile_5stage.v".
    Found 64-bit adder for signal <PCIN> created at line 40.
    Summary:
	inferred   1 Adder/Subtractor(s).
	inferred   3 Multiplexer(s).
Unit <pipelined_regfile_5stage> synthesized.

Synthesizing Unit <PC1>.
    Related source file is "C:\Users\jgoh070\Desktop\Lab3_5stage pipeline with LDUR and STUR\PC.v".
    Found 64-bit register for signal <currPC>.
    Summary:
	inferred  64 D-type flip-flop(s).
Unit <PC1> synthesized.

Synthesizing Unit <imemory>.
    Related source file is "C:\Users\jgoh070\Desktop\Lab3_5stage pipeline with LDUR and STUR\imemory.v".
WARNING:Xst:647 - Input <data_in<63:32>> is never used. This port will be preserved and left unconnected if it belongs to a top-level block or it belongs to a sub-block and the hierarchy of this sub-block is preserved.
WARNING:Xst:647 - Input <fileid> is never used. This port will be preserved and left unconnected if it belongs to a top-level block or it belongs to a sub-block and the hierarchy of this sub-block is preserved.
    Found 1024x32-bit dual-port RAM <Mram_imemory> for signal <imemory>.
    Found 10-bit register for signal <addr_r<9:0>>.
    Summary:
	inferred   1 RAM(s).
	inferred  10 D-type flip-flop(s).
Unit <imemory> synthesized.

Synthesizing Unit <control>.
    Related source file is "C:\Users\jgoh070\Desktop\Lab3_5stage pipeline with LDUR and STUR\control.v".
    Summary:
	inferred   1 Multiplexer(s).
Unit <control> synthesized.

Synthesizing Unit <regfile>.
    Related source file is "C:\Users\jgoh070\Desktop\Lab3_5stage pipeline with LDUR and STUR\regfile.v".
    Found 2048-bit register for signal <n0052>.
    Found 64-bit 32-to-1 multiplexer for signal <waddr[4]_regdata[31][63]_wide_mux_2_OUT> created at line 43.
    Found 64-bit 32-to-1 multiplexer for signal <raddr1[4]_regdata[31][63]_wide_mux_40_OUT> created at line 46.
    Found 64-bit 32-to-1 multiplexer for signal <raddr2[4]_regdata[31][63]_wide_mux_43_OUT> created at line 47.
    Found 5-bit comparator equal for signal <waddr[4]_raddr1[4]_equal_40_o> created at line 46
    Found 5-bit comparator equal for signal <waddr[4]_raddr2[4]_equal_43_o> created at line 47
    Summary:
	inferred 2048 D-type flip-flop(s).
	inferred   2 Comparator(s).
	inferred  38 Multiplexer(s).
Unit <regfile> synthesized.

Synthesizing Unit <ID_EXE_stage>.
    Related source file is "C:\Users\jgoh070\Desktop\Lab3_5stage pipeline with LDUR and STUR\ID_EXEstage.v".
    Found 64-bit register for signal <rdata1_out>.
    Found 64-bit register for signal <rdata2_out>.
    Found 64-bit register for signal <imm_out>.
    Found 3-bit register for signal <opcode_out>.
    Found 1-bit register for signal <alusrc_out>.
    Found 1-bit register for signal <memwrite_out>.
    Found 1-bit register for signal <memtoreg_out>.
    Found 1-bit register for signal <writeenable_out>.
    Found 5-bit register for signal <waddr_out>.
    Summary:
	inferred 204 D-type flip-flop(s).
Unit <ID_EXE_stage> synthesized.

Synthesizing Unit <alu>.
    Related source file is "C:\Users\jgoh070\Desktop\Lab3_5stage pipeline with LDUR and STUR\alu.v".
    Found 64-bit subtractor for signal <a[63]_b[63]_sub_2_OUT> created at line 22.
    Found 64-bit adder for signal <a[63]_b[63]_add_0_OUT> created at line 21.
    Found 64-bit 7-to-1 multiplexer for signal <out> created at line 20.
    Summary:
	inferred   1 Adder/Subtractor(s).
	inferred   5 Multiplexer(s).
Unit <alu> synthesized.

Synthesizing Unit <EXE_MEM_stage>.
    Related source file is "C:\Users\jgoh070\Desktop\Lab3_5stage pipeline with LDUR and STUR\EXE_MEMstage.v".
    Found 64-bit register for signal <alu_out>.
    Found 64-bit register for signal <rdata2_out>.
    Found 1-bit register for signal <memwrite_out>.
    Found 1-bit register for signal <memtoreg_out>.
    Found 1-bit register for signal <writeenable_out>.
    Found 5-bit register for signal <waddr_out>.
    Summary:
	inferred 136 D-type flip-flop(s).
Unit <EXE_MEM_stage> synthesized.

Synthesizing Unit <dmemory>.
    Related source file is "C:\Users\jgoh070\Desktop\Lab3_5stage pipeline with LDUR and STUR\dmemory.v".
WARNING:Xst:647 - Input <fileid> is never used. This port will be preserved and left unconnected if it belongs to a top-level block or it belongs to a sub-block and the hierarchy of this sub-block is preserved.
    Found 1024x64-bit dual-port RAM <Mram_dmemory> for signal <dmemory>.
    Found 10-bit register for signal <addr_r<9:0>>.
    Summary:
	inferred   1 RAM(s).
	inferred  10 D-type flip-flop(s).
	inferred   1 Multiplexer(s).
Unit <dmemory> synthesized.

Synthesizing Unit <MEM_WB_stage>.
    Related source file is "C:\Users\jgoh070\Desktop\Lab3_5stage pipeline with LDUR and STUR\MEM_WBstage.v".
    Found 64-bit register for signal <alu_out>.
    Found 1-bit register for signal <memtoreg_out>.
    Found 1-bit register for signal <writeenable_out>.
    Found 5-bit register for signal <waddr_out>.
    Summary:
	inferred  71 D-type flip-flop(s).
Unit <MEM_WB_stage> synthesized.

=========================================================================
HDL Synthesis Report

Macro Statistics
# RAMs                                                 : 2
 1024x32-bit dual-port RAM                             : 1
 1024x64-bit dual-port RAM                             : 1
# Adders/Subtractors                                   : 2
 64-bit adder                                          : 1
 64-bit addsub                                         : 1
# Registers                                            : 23
 1-bit register                                        : 9
 10-bit register                                       : 2
 2048-bit register                                     : 1
 3-bit register                                        : 1
 5-bit register                                        : 3
 64-bit register                                       : 7
# Comparators                                          : 2
 5-bit comparator equal                                : 2
# Multiplexers                                         : 48
 1-bit 2-to-1 multiplexer                              : 1
 3-bit 2-to-1 multiplexer                              : 1
 5-bit 2-to-1 multiplexer                              : 1
 64-bit 2-to-1 multiplexer                             : 42
 64-bit 32-to-1 multiplexer                            : 3
# Xors                                                 : 1
 64-bit xor2                                           : 1

=========================================================================
INFO:Xst:1767 - HDL ADVISOR - Resource sharing has identified that some arithmetic operations in this design can share the same physical resources for reduced device utilization. For improved clock frequency you may try to disable resource sharing.

=========================================================================
*                       Advanced HDL Synthesis                          *
=========================================================================


Synthesizing (advanced) Unit <imemory>.
INFO:Xst:3226 - The RAM <Mram_imemory> will be implemented as a BLOCK RAM, absorbing the following register(s): <addr_r>
    -----------------------------------------------------------------------
    | ram_type           | Block                               |          |
    -----------------------------------------------------------------------
    | Port A                                                              |
    |     aspect ratio   | 1024-word x 32-bit                  |          |
    |     mode           | write-first                         |          |
    |     clkA           | connected to signal <clk>           | rise     |
    |     weA            | connected to signal <GND>           | high     |
    |     addrA          | connected to signal <addr>          |          |
    |     diA            | connected to signal <GND>           |          |
    |     doA            | connected to internal node          |          |
    -----------------------------------------------------------------------
    | optimization       | speed                               |          |
    -----------------------------------------------------------------------
Unit <imemory> synthesized (advanced).

Synthesizing (advanced) Unit <pipelined_regfile_5stage>.
The following registers are absorbed into counter <pc/currPC>: 1 register on signal <pc/currPC>.
INFO:Xst:3226 - The RAM <dm/Mram_dmemory> will be implemented as a BLOCK RAM, absorbing the following register(s): <dm/addr_r>
    -----------------------------------------------------------------------
    | ram_type           | Block                               |          |
    -----------------------------------------------------------------------
    | Port A                                                              |
    |     aspect ratio   | 1024-word x 64-bit                  |          |
    |     mode           | write-first                         |          |
    |     clkA           | connected to signal <clk>           | rise     |
    |     weA            | connected to internal node          | high     |
    |     addrA          | connected to signal <aluout_EXE_MEM<9:0>> |          |
    |     diA            | connected to signal <rdata2_EXE_MEM> |          |
    |     doA            | connected to signal <dmemdata>      |          |
    -----------------------------------------------------------------------
    | optimization       | speed                               |          |
    -----------------------------------------------------------------------
Unit <pipelined_regfile_5stage> synthesized (advanced).

=========================================================================
Advanced HDL Synthesis Report

Macro Statistics
# RAMs                                                 : 2
 1024x32-bit single-port block RAM                     : 1
 1024x64-bit single-port block RAM                     : 1
# Adders/Subtractors                                   : 1
 64-bit addsub                                         : 1
# Counters                                             : 1
 64-bit up counter                                     : 1
# Registers                                            : 2459
 Flip-Flops                                            : 2459
# Comparators                                          : 2
 5-bit comparator equal                                : 2
# Multiplexers                                         : 47
 3-bit 2-to-1 multiplexer                              : 1
 5-bit 2-to-1 multiplexer                              : 1
 64-bit 2-to-1 multiplexer                             : 42
 64-bit 32-to-1 multiplexer                            : 3
# Xors                                                 : 1
 64-bit xor2                                           : 1

=========================================================================

=========================================================================
*                         Low Level Synthesis                           *
=========================================================================
INFO:Xst:2261 - The FF/Latch <imm_out_8> in Unit <ID_EXE_stage> is equivalent to the following 55 FFs/Latches, which will be removed : <imm_out_9> <imm_out_10> <imm_out_11> <imm_out_12> <imm_out_13> <imm_out_14> <imm_out_15> <imm_out_16> <imm_out_17> <imm_out_18> <imm_out_19> <imm_out_20> <imm_out_21> <imm_out_22> <imm_out_23> <imm_out_24> <imm_out_25> <imm_out_26> <imm_out_27> <imm_out_28> <imm_out_29> <imm_out_30> <imm_out_31> <imm_out_32> <imm_out_33> <imm_out_34> <imm_out_35> <imm_out_36> <imm_out_37> <imm_out_38> <imm_out_39> <imm_out_40> <imm_out_41> <imm_out_42> <imm_out_43> <imm_out_44> <imm_out_45> <imm_out_46> <imm_out_47> <imm_out_48> <imm_out_49> <imm_out_50> <imm_out_51> <imm_out_52> <imm_out_53> <imm_out_54> <imm_out_55> <imm_out_56> <imm_out_57> <imm_out_58> <imm_out_59> <imm_out_60> <imm_out_61> <imm_out_62> <imm_out_63> 

Optimizing unit <ID_EXE_stage> ...

Optimizing unit <MEM_WB_stage> ...

Optimizing unit <pipelined_regfile_5stage> ...

Optimizing unit <regfile> ...

Optimizing unit <alu> ...

Mapping all equations...
Building and optimizing final netlist ...
Found area constraint ratio of 100 (+ 5) on block pipelined_regfile_5stage, actual ratio is 260.
Optimizing block <pipelined_regfile_5stage> to meet ratio 100 (+ 5) of 600 slices :
WARNING:Xst:2254 - Area constraint could not be met for block <pipelined_regfile_5stage>, final ratio is 263.

Final Macro Processing ...

=========================================================================
Final Register Report

Macro Statistics
# Registers                                            : 2468
 Flip-Flops                                            : 2468

=========================================================================

=========================================================================
*                           Partition Report                            *
=========================================================================

Partition Implementation Status
-------------------------------

  No Partitions were found in this design.

-------------------------------

=========================================================================
*                            Design Summary                             *
=========================================================================

Top Level Output File Name         : pipelined_regfile_5stage.ngc

Primitive and Black Box Usage:
------------------------------
# BELS                             : 5656
#      GND                         : 1
#      INV                         : 1
#      LUT1                        : 63
#      LUT2                        : 4
#      LUT3                        : 2637
#      LUT4                        : 4
#      LUT5                        : 512
#      LUT6                        : 2051
#      MUXCY                       : 126
#      MUXF7                       : 128
#      VCC                         : 1
#      XORCY                       : 128
# FlipFlops/Latches                : 2468
#      FDR                         : 2468
# RAMS                             : 6
#      RAMB16BWER                  : 6
# Clock Buffers                    : 1
#      BUFGP                       : 1
# IO Buffers                       : 884
#      IBUF                        : 1
#      OBUF                        : 883

Device utilization summary:
---------------------------

Selected Device : 6slx4csg225-3 


Slice Logic Utilization: 
 Number of Slice Registers:            2468  out of   4800    51%  
 Number of Slice LUTs:                 5272  out of   2400   219% (*) 
    Number used as Logic:              5272  out of   2400   219% (*) 

Slice Logic Distribution: 
 Number of LUT Flip Flop pairs used:   5429
   Number with an unused Flip Flop:    2961  out of   5429    54%  
   Number with an unused LUT:           157  out of   5429     2%  
   Number of fully used LUT-FF pairs:  2311  out of   5429    42%  
   Number of unique control sets:         1

IO Utilization: 
 Number of IOs:                         885
 Number of bonded IOBs:                 885  out of    132   670% (*) 

Specific Feature Utilization:
 Number of Block RAM/FIFO:                6  out of     12    50%  
    Number using Block RAM only:          6
 Number of BUFG/BUFGCTRLs:                1  out of     16     6%  

WARNING:Xst:1336 -  (*) More than 100% of Device resources are used

---------------------------
Partition Resource Summary:
---------------------------

  No Partitions were found in this design.

---------------------------


=========================================================================
Timing Report

NOTE: THESE TIMING NUMBERS ARE ONLY A SYNTHESIS ESTIMATE.
      FOR ACCURATE TIMING INFORMATION PLEASE REFER TO THE TRACE REPORT
      GENERATED AFTER PLACE-and-ROUTE.

Clock Information:
------------------
-----------------------------------+------------------------+-------+
Clock Signal                       | Clock buffer(FF name)  | Load  |
-----------------------------------+------------------------+-------+
clk                                | BUFGP                  | 2474  |
-----------------------------------+------------------------+-------+

Asynchronous Control Signals Information:
----------------------------------------
No asynchronous control signals found in this design

Timing Summary:
---------------
Speed Grade: -3

   Minimum period: 8.771ns (Maximum Frequency: 114.007MHz)
   Minimum input arrival time before clock: 5.393ns
   Maximum output required time after clock: 11.857ns
   Maximum combinational path delay: No path found

Timing Details:
---------------
All values displayed in nanoseconds (ns)

=========================================================================
Timing constraint: Default period analysis for Clock 'clk'
  Clock period: 8.771ns (frequency: 114.007MHz)
  Total number of paths / destination ports: 170465 / 2608
-------------------------------------------------------------------------
Delay:               8.771ns (Levels of Logic = 5)
  Source:            im/Mram_imemory1 (RAM)
  Destination:       PIPE1/rdata2_out_44 (FF)
  Source Clock:      clk rising
  Destination Clock: clk rising

  Data Path: im/Mram_imemory1 to PIPE1/rdata2_out_44
                                Gate     Net
    Cell:in->out      fanout   Delay   Delay  Logical Name (Net Name)
    ----------------------------------------  ------------
     RAMB16BWER:CLKA->DOA1  226   1.850   2.164  im/Mram_imemory1 (INST_1_OBUF)
     LUT4:I2->O           21   0.203   1.114  C0/reg2loc_cntrl<10>_SW1 (N906)
     LUT6:I5->O           21   0.205   1.114  Mmux_raddr1_mux21_11 (Mmux_raddr1_mux2110)
     LUT6:I5->O            1   0.205   0.827  RF0/Mmux_raddr2[4]_regdata[31][63]_wide_mux_43_OUT_856 (RF0/Mmux_raddr2[4]_regdata[31][63]_wide_mux_43_OUT_856)
     LUT6:I2->O            1   0.203   0.580  RF0/Mmux_raddr2[4]_regdata[31][63]_wide_mux_43_OUT_418 (RF0/Mmux_raddr2[4]_regdata[31][63]_wide_mux_43_OUT_418)
     LUT5:I4->O            2   0.205   0.000  RF0/Mmux_rdata2191 (rdata2_26_OBUF)
     FDR:D                     0.102          PIPE1/rdata2_out_26
    ----------------------------------------
    Total                      8.771ns (2.973ns logic, 5.798ns route)
                                       (33.9% logic, 66.1% route)

=========================================================================
Timing constraint: Default OFFSET IN BEFORE for Clock 'clk'
  Total number of paths / destination ports: 2484 / 2484
-------------------------------------------------------------------------
Offset:              5.393ns (Levels of Logic = 2)
  Source:            rst (PAD)
  Destination:       dm/Mram_dmemory1 (RAM)
  Destination Clock: clk rising

  Data Path: rst to dm/Mram_dmemory1
                                Gate     Net
    Cell:in->out      fanout   Delay   Delay  Logical Name (Net Name)
    ----------------------------------------  ------------
     IBUF:I->O          2469   1.222   2.664  rst_IBUF (rst_IBUF)
     LUT2:I0->O           16   0.203   1.004  dm/Mmux_BUS_000111 (dm/BUS_0001)
     RAMB16BWER:WEA2           0.300          dm/Mram_dmemory1
    ----------------------------------------
    Total                      5.393ns (1.725ns logic, 3.668ns route)
                                       (32.0% logic, 68.0% route)

=========================================================================
Timing constraint: Default OFFSET OUT AFTER for Clock 'clk'
  Total number of paths / destination ports: 39931 / 883
-------------------------------------------------------------------------
Offset:              11.857ns (Levels of Logic = 6)
  Source:            im/Mram_imemory1 (RAM)
  Destination:       rdata2<44> (PAD)
  Source Clock:      clk rising

  Data Path: im/Mram_imemory1 to rdata2<44>
                                Gate     Net
    Cell:in->out      fanout   Delay   Delay  Logical Name (Net Name)
    ----------------------------------------  ------------
     RAMB16BWER:CLKA->DOA1  226   1.850   2.164  im/Mram_imemory1 (INST_1_OBUF)
     LUT4:I2->O           21   0.203   1.114  C0/reg2loc_cntrl<10>_SW1 (N906)
     LUT6:I5->O           21   0.205   1.114  Mmux_raddr1_mux21_11 (Mmux_raddr1_mux2110)
     LUT6:I5->O            1   0.205   0.827  RF0/Mmux_raddr2[4]_regdata[31][63]_wide_mux_43_OUT_856 (RF0/Mmux_raddr2[4]_regdata[31][63]_wide_mux_43_OUT_856)
     LUT6:I2->O            1   0.203   0.580  RF0/Mmux_raddr2[4]_regdata[31][63]_wide_mux_43_OUT_418 (RF0/Mmux_raddr2[4]_regdata[31][63]_wide_mux_43_OUT_418)
     LUT5:I4->O            2   0.205   0.616  RF0/Mmux_rdata2191 (rdata2_26_OBUF)
     OBUF:I->O                 2.571          rdata2_26_OBUF (rdata2<26>)
    ----------------------------------------
    Total                     11.857ns (5.442ns logic, 6.415ns route)
                                       (45.9% logic, 54.1% route)

=========================================================================

Cross Clock Domains Report:
--------------------------

Clock to Setup on destination clock clk
---------------+---------+---------+---------+---------+
               | Src:Rise| Src:Fall| Src:Rise| Src:Fall|
Source Clock   |Dest:Rise|Dest:Rise|Dest:Fall|Dest:Fall|
---------------+---------+---------+---------+---------+
clk            |    8.771|         |         |         |
---------------+---------+---------+---------+---------+

=========================================================================


Total REAL time to Xst completion: 17.00 secs
Total CPU time to Xst completion: 17.72 secs
 
--> 

Total memory usage is 4578924 kilobytes

Number of errors   :    0 (   0 filtered)
Number of warnings :   10 (   0 filtered)
Number of infos    :    4 (   0 filtered)

